=== FASE 04 harness: dynarec frame tests (prolog/epilog/next) ===
model under test: mutant: Strategy A everywhere except next.S
negative-control clobber set: x9 and x18 (Darwin caller-saved freedom)
[T10] guest R8 round trip through the real arm64_prolog/arm64_epilog
  PASS  guest R8 survives prolog -> block -> epilog for 16 values (0,1,-1,0x0123456789abcdef + 12 pseudo-random)
[T11] guest R8 across a real C helper call inside the frame
  PASS  the C helper really ran (poison sink written)
  PASS  spill/reload pattern keeps R8 across blr to compiled C code
[T12] negative control: same block, R8 spill removed
  ....  R8 after unspilled C call: 0x00000000deadbf00 (with the spill it would be 0x0123456789abce00)
  PASS  R8 is really lost when the spill is missing (control is sensitive)
[T13] full register file round trip (prolog -> plain block -> epilog)
  PASS  all 16 guest GPRs come back unchanged (incl. R8 at regs[8])
  PASS  guest eflags come back unchanged
  PASS  guest rip comes back unchanged
[T14] arm64_next: R8 across the C call to LinkNext + rip write-back
  PASS  arm64_next called LinkNext exactly once
  PASS  LinkNext received the guest rip from x27
  FAIL  R8 was intact INSIDE the block reached through arm64_next
  FAIL  R8 survives the LinkNext C call and the following block
  PASS  LinkNext's changed rip was written back (0x4242 -> 0x5242)
[T15] callee-saved canaries around prolog/epilog (x19-x28, d8, d15)
  PASS  x19-x28, d8 and d15 all come back unchanged (11 canaries)
  ....  negative control reported 1 canary failure(s), first index 2
  PASS  negative control: corrupting saved x20 is detected
  PASS  negative control: exactly the x21 canary fails (index 2)
=== 13 checks passed, 2 failed ===
